[0;36m==> [1;36mNotice:[m Build may be slow as Theos isn’t using all available CPU cores on this computer. Consider upgrading GNU Make: https://theos.dev/docs/parallel-building
[1;31m> [1;3;39mMaking all for framework EvilKit…[m
[0;35m==> [1;39mCopying resource directories into the framework wrapper…[m
[0;35m==> [1;39mCopying public headers into the framework wrapper…[m
[0;32m==> [1;39mCompiling src/EVKAction.m (arm64)…[m
[0;32m==> [1;39mCompiling src/EVKTranslatedQueryPortion.m (arm64)…[m
[0;32m==> [1;39mCompiling src/EVKRegexSubstitutionPortion.m (arm64)…[m
[0;32m==> [1;39mCompiling src/EVKQueryItemLexicon.m (arm64)…[m
[0;32m==> [1;39mCompiling src/EVKKeyValuePathPortion.m (arm64)…[m
[0;32m==> [1;39mCompiling src/EVKStaticStringPortion.m (arm64)…[m
[0;32m==> [1;39mCompiling src/EVKAppAlternative.m (arm64)…[m
[0;32m==> [1;39mCompiling src/EVKMapItemUnwrapperPortion.m (arm64)…[m
[0;32m==> [1;39mCompiling src/EVKURLPortions.m (arm64)…[m
[0;32m==> [1;39mCompiling src/EVKPercentEncodablePortion.m (arm64)…[m
[0;32m==> [1;39mCompiling src/NSURL+ComponentAdditions.m (arm64)…[m
[0;32m==> [1;39mCompiling src/EVKFullURLPortion.m (arm64)…[m
[0;33m==> [1;39mLinking framework EvilKit (arm64)…[m
ld: warning: -multiply_defined is obsolete
[0;34m==> [1;39mGenerating debug symbols for EvilKit…[m
[0;34m==> [1;39mStripping EvilKit (arm64)…[m
[0;32m==> [1;39mCompiling src/EVKAction.m (arm64e)…[m
[0;32m==> [1;39mCompiling src/EVKTranslatedQueryPortion.m (arm64e)…[m
[0;32m==> [1;39mCompiling src/EVKRegexSubstitutionPortion.m (arm64e)…[m
[0;32m==> [1;39mCompiling src/EVKQueryItemLexicon.m (arm64e)…[m
[0;32m==> [1;39mCompiling src/EVKKeyValuePathPortion.m (arm64e)…[m
[0;32m==> [1;39mCompiling src/EVKStaticStringPortion.m (arm64e)…[m
[0;32m==> [1;39mCompiling src/EVKAppAlternative.m (arm64e)…[m
[0;32m==> [1;39mCompiling src/EVKMapItemUnwrapperPortion.m (arm64e)…[m
[0;32m==> [1;39mCompiling src/EVKURLPortions.m (arm64e)…[m
[0;32m==> [1;39mCompiling src/EVKPercentEncodablePortion.m (arm64e)…[m
[0;32m==> [1;39mCompiling src/NSURL+ComponentAdditions.m (arm64e)…[m
[0;32m==> [1;39mCompiling src/EVKFullURLPortion.m (arm64e)…[m
[0;33m==> [1;39mLinking framework EvilKit (arm64e)…[m
ld: warning: -multiply_defined is obsolete
[0;34m==> [1;39mGenerating debug symbols for EvilKit…[m
[0;34m==> [1;39mStripping EvilKit (arm64e)…[m
[0;34m==> [1;39mMerging framework EvilKit…[m
[0;34m==> [1;39mSigning EvilKit…[m
